// Vitest Snapshot v1, https://vitest.dev/guide/snapshot.html

exports[`derived player stats (fixed default state) > base derived values match the known-good numbers 1`] = `
{
  "accuracy": 90,
  "defense": 0.5,
  "evasion": 5.2,
  "inventory": 30,
  "maxBattleTurns": 10,
  "maxMana": 32,
  "maxhealth": 500,
  "totalEndurance": 5,
  "totalStrength": 5,
}
`;

exports[`monster stats (fixed default player, Hero difficulty) > first/mid monsters match known-good numbers 1`] = `
{
  "def": 3,
  "level": 1,
  "maxDmg": 27,
  "maxHp": 75,
  "minDmg": 22,
}
`;

exports[`monster stats (fixed default player, Hero difficulty) > first/mid monsters match known-good numbers 2`] = `
{
  "def": 15,
  "level": 5,
  "maxDmg": 135,
  "maxHp": 375,
  "minDmg": 110,
}
`;
